---
source: crates/pawan-cli/src/tui/render.rs
expression: output
---
                                                                                
                                                                                
                                                                                
                    ┌ Model Picker (^M) ───────────────────┐                    
                    │> ▌                                   │                    
                    │ 01-ai 01-ai/yi-large  q75            │                    
                    │ Abacusai abacusai/dracarys-llama-3.1-│                    
                    │ Ai21labs ai21labs/jamba-1.5-large-ins│                    
                    │ Aisingapore aisingapore/sea-lion-7b-i│                    
                    │ Bigcode bigcode/starcoder2-15b  q75  │                    
                    │ Bytedance bytedance/seed-oss-36b-inst│                    
                    │ Databricks databricks/dbrx-instruct  │                    
                    │ Deepseek-ai deepseek-ai/deepseek-code│                    
                    │ Deepseek-ai deepseek-ai/deepseek-v3.1│                    
                    │ Deepseek-ai deepseek-ai/deepseek-v3.2│                    
                    │ Google google/codegemma-1.1-7b  q79  │                    
                    │ Google google/codegemma-7b  q79      │                    
                    │ Google google/gemma-2-2b-it  q79     │                    
                    │ Google google/gemma-2b  q77          │                    
                    │ Google google/gemma-3-12b-it  q85    │                    
                    └──────────────────────────────────────┘
