---
source: crates/pawan-cli/src/tui/render/mod.rs
expression: output
---
                                                                                
                                                                                
                                                                                
                                                                                
                                                                                
                                                                                
                                                                                
                                                                                
          ┌ Permission Required ─────────────────────────────────────┐          
          │Tool: bash                                                │          
          │Args: echo hello                                          │          
          │                                                          │          
          │ y  Allow   n  Deny   a  Allow all                        │          
          │                                                          │          
          │                                                          │          
          └──────────────────────────────────────────────────────────┘
