---
source: crates/pawan-cli/src/tui/render/mod.rs
expression: output
---
                                                                                
                                                                                
                                                                                
                                                                                
                                                                                
                                                                                
                                                                                
       ╭ ⚠  Permission Required ────────────────────────────────────────╮       
       │                                                                │       
       │  tool  bash                                                    │       
       │                                                                │       
       │  arguments                                                     │       
       │  echo hello                                                    │       
       │                                                                │       
       │   Y  Allow    N  Deny    A  Allow all                          │       
       │                                                                │       
       ╰────────────────────────────────────────────────────────────────╯
