---
source: crates/pawan-cli/src/tui/render/mod.rs
expression: output
---
                                                                                
                                                                                
                                                                                
                                                                                
                                                                                
                                                                                
              ┌ पवन — pawan ─────────────────────────────────────┐              
              │                                                  │              
              │  Self-healing CLI coding agent  v0.5.21          │              
              │                                                  │              
              │  Model: test-model                               │              
              │  Path:  [CWD]                                    │              
              │                                                  │              
              │  Type a task, or explore:                        │              
              │  Ctrl+P  fuzzy search (commands)                 │              
              │  F1      keyboard shortcuts                      │              
              │                                                  │              
              └──────────────────────────────────────────────────┘
