---
source: crates/pawan-cli/src/tui/render/mod.rs
expression: output
---
You: (now)                                                                      
  Hello pawan                                                                   
                                                                                
Pawan: (now)                                                                    
  Hi there!
